Generated route-test output is not versioned here. Run LogicOutput.kt locally to regenerate this file.
